Product: MDK-ARM Professional 5.10
Component: ARM Compiler 5.04 update 1 (build 49)
Tool: armlink [5040049]

==============================================================================

Small function inlining results

Inlined function _platform_pre_stackheap_init from boardinit1.o at offset 0x0 in rtentry2.o(.ARM.Collect$$rtentry$$00000001).
Inlined Instruction: BX       lr
Inlined function _platform_pre_lib_shutdown from boardshut.o at offset 0x0 in rtexit2.o(.ARM.Collect$$rtexit$$00000001).
Inlined Instruction: BX       lr
Inlined total of 2 calls.

==============================================================================

Image Symbol Table

    Local Symbols

    Symbol Name                              Value     Ov Type        Size  Object(Section)

    RESET                                    0x00000000   Section      320  startup_m451series.o(RESET)
    ../clib/angel/boardlib.s                 0x00000000   Number         0  boardinit3.o ABSOLUTE
    ../clib/angel/boardlib.s                 0x00000000   Number         0  boardinit1.o ABSOLUTE
    ../clib/angel/boardlib.s                 0x00000000   Number         0  boardinit2.o ABSOLUTE
    ../clib/angel/boardlib.s                 0x00000000   Number         0  boardshut.o ABSOLUTE
    ../clib/angel/handlers.s                 0x00000000   Number         0  __scatter_copy.o ABSOLUTE
    ../clib/angel/handlers.s                 0x00000000   Number         0  __scatter_zi.o ABSOLUTE
    ../clib/angel/kernel.s                   0x00000000   Number         0  rtexit2.o ABSOLUTE
    ../clib/angel/kernel.s                   0x00000000   Number         0  rtentry.o ABSOLUTE
    ../clib/angel/kernel.s                   0x00000000   Number         0  rtentry2.o ABSOLUTE
    ../clib/angel/kernel.s                   0x00000000   Number         0  rtexit.o ABSOLUTE
    ../clib/angel/kernel.s                   0x00000000   Number         0  rtentry4.o ABSOLUTE
    ../clib/angel/rt.s                       0x00000000   Number         0  rt_raise.o ABSOLUTE
    ../clib/angel/scatter.s                  0x00000000   Number         0  __scatter.o ABSOLUTE
    ../clib/angel/startup.s                  0x00000000   Number         0  __main.o ABSOLUTE
    ../clib/angel/sys.s                      0x00000000   Number         0  indicate_semi.o ABSOLUTE
    ../clib/angel/sys.s                      0x00000000   Number         0  libspace.o ABSOLUTE
    ../clib/angel/sys.s                      0x00000000   Number         0  sys_stackheap_outer.o ABSOLUTE
    ../clib/angel/sys.s                      0x00000000   Number         0  use_no_semi.o ABSOLUTE
    ../clib/angel/sysapp.c                   0x00000000   Number         0  sys_command.o ABSOLUTE
    ../clib/armsys.c                         0x00000000   Number         0  _get_argv_nomalloc.o ABSOLUTE
    ../clib/armsys.c                         0x00000000   Number         0  no_argv.o ABSOLUTE
    ../clib/armsys.c                         0x00000000   Number         0  argv_veneer.o ABSOLUTE
    ../clib/armsys.c                         0x00000000   Number         0  argv_veneer.o ABSOLUTE
    ../clib/heapalloc.c                      0x00000000   Number         0  hrguard.o ABSOLUTE
    ../clib/heapaux.c                        0x00000000   Number         0  heapauxi.o ABSOLUTE
    ../clib/libinit.s                        0x00000000   Number         0  libinit.o ABSOLUTE
    ../clib/libinit.s                        0x00000000   Number         0  libshutdown.o ABSOLUTE
    ../clib/libinit.s                        0x00000000   Number         0  libshutdown2.o ABSOLUTE
    ../clib/libinit.s                        0x00000000   Number         0  libinit2.o ABSOLUTE
    ../clib/memcpset.s                       0x00000000   Number         0  rt_memclr_w.o ABSOLUTE
    ../clib/memcpset.s                       0x00000000   Number         0  rt_memclr.o ABSOLUTE
    ../clib/memcpset.s                       0x00000000   Number         0  rt_memcpy_w.o ABSOLUTE
    ../clib/misc.s                           0x00000000   Number         0  printf_stubs.o ABSOLUTE
    ../clib/printf.c                         0x00000000   Number         0  __printf_ss_wp.o ABSOLUTE
    ../clib/printf.c                         0x00000000   Number         0  __printf_flags_wp.o ABSOLUTE
    ../clib/printf.c                         0x00000000   Number         0  __printf_wp.o ABSOLUTE
    ../clib/printf.c                         0x00000000   Number         0  __printf_flags_ss.o ABSOLUTE
    ../clib/printf.c                         0x00000000   Number         0  __2printf.o ABSOLUTE
    ../clib/printf.c                         0x00000000   Number         0  _printf_hex_int_ptr.o ABSOLUTE
    ../clib/printf.c                         0x00000000   Number         0  _printf_hex_ll_ptr.o ABSOLUTE
    ../clib/printf.c                         0x00000000   Number         0  _printf_hex_int.o ABSOLUTE
    ../clib/printf.c                         0x00000000   Number         0  _printf_char_file.o ABSOLUTE
    ../clib/printf.c                         0x00000000   Number         0  _printf_hex_ll.o ABSOLUTE
    ../clib/printf.c                         0x00000000   Number         0  _printf_hex_int_ll_ptr.o ABSOLUTE
    ../clib/printf.c                         0x00000000   Number         0  _printf_hex_ptr.o ABSOLUTE
    ../clib/printf.c                         0x00000000   Number         0  __printf_flags.o ABSOLUTE
    ../clib/printf.c                         0x00000000   Number         0  _printf_dec.o ABSOLUTE
    ../clib/printf.c                         0x00000000   Number         0  __printf.o ABSOLUTE
    ../clib/printf.c                         0x00000000   Number         0  _printf_hex_int_ll.o ABSOLUTE
    ../clib/printf.c                         0x00000000   Number         0  __printf_nopercent.o ABSOLUTE
    ../clib/printf.c                         0x00000000   Number         0  _printf_char_common.o ABSOLUTE
    ../clib/printf.c                         0x00000000   Number         0  __printf_flags_ss_wp.o ABSOLUTE
    ../clib/printf.c                         0x00000000   Number         0  __printf_ss.o ABSOLUTE
    ../clib/printf.c                         0x00000000   Number         0  _printf_intcommon.o ABSOLUTE
    ../clib/printf.c                         0x00000000   Number         0  noretval__2printf.o ABSOLUTE
    ../clib/printf_percent.s                 0x00000000   Number         0  _printf_x.o ABSOLUTE
    ../clib/printf_percent.s                 0x00000000   Number         0  _printf_percent_end.o ABSOLUTE
    ../clib/printf_percent.s                 0x00000000   Number         0  _printf_percent.o ABSOLUTE
    ../clib/printf_percent.s                 0x00000000   Number         0  _printf_d.o ABSOLUTE
    ../clib/signal.c                         0x00000000   Number         0  defsig_rtmem_inner.o ABSOLUTE
    ../clib/signal.c                         0x00000000   Number         0  defsig_exit.o ABSOLUTE
    ../clib/signal.c                         0x00000000   Number         0  defsig_cppl_inner.o ABSOLUTE
    ../clib/signal.c                         0x00000000   Number         0  defsig_segv_inner.o ABSOLUTE
    ../clib/signal.c                         0x00000000   Number         0  defsig_other.o ABSOLUTE
    ../clib/signal.c                         0x00000000   Number         0  defsig_fpe_inner.o ABSOLUTE
    ../clib/signal.c                         0x00000000   Number         0  defsig_stak_inner.o ABSOLUTE
    ../clib/signal.c                         0x00000000   Number         0  defsig_rtred_inner.o ABSOLUTE
    ../clib/signal.c                         0x00000000   Number         0  defsig_rtmem_outer.o ABSOLUTE
    ../clib/signal.c                         0x00000000   Number         0  defsig_rtmem_formal.o ABSOLUTE
    ../clib/signal.c                         0x00000000   Number         0  defsig_pvfn_inner.o ABSOLUTE
    ../clib/signal.c                         0x00000000   Number         0  defsig_abrt_inner.o ABSOLUTE
    ../clib/signal.c                         0x00000000   Number         0  defsig_general.o ABSOLUTE
    ../clib/signal.c                         0x00000000   Number         0  __raise.o ABSOLUTE
    ../clib/signal.s                         0x00000000   Number         0  defsig.o ABSOLUTE
    ../clib/stdlib.c                         0x00000000   Number         0  exit.o ABSOLUTE
    ../clib/string.c                         0x00000000   Number         0  strlen.o ABSOLUTE
    ../fplib/fpinit.s                        0x00000000   Number         0  fpinit.o ABSOLUTE
    ..\..\..\..\Library\Device\Nuvoton\M451Series\Source\ARM\startup_M451Series.s 0x00000000   Number         0  startup_m451series.o ABSOLUTE
    ..\..\..\..\Library\Device\Nuvoton\M451Series\Source\system_M451Series.c 0x00000000   Number         0  system_m451series.o ABSOLUTE
    ..\..\..\..\Library\NuEdu\src\NuEdu-Basic01_LED.c 0x00000000   Number         0  nuedu-basic01_led.o ABSOLUTE
    ..\..\..\..\Library\StdDriver\src\clk.c  0x00000000   Number         0  clk.o ABSOLUTE
    ..\..\..\..\Library\StdDriver\src\fmc.c  0x00000000   Number         0  fmc.o ABSOLUTE
    ..\..\..\..\Library\StdDriver\src\gpio.c 0x00000000   Number         0  gpio.o ABSOLUTE
    ..\..\..\..\Library\StdDriver\src\retarget.c 0x00000000   Number         0  retarget.o ABSOLUTE
    ..\..\..\..\Library\StdDriver\src\sys.c  0x00000000   Number         0  sys.o ABSOLUTE
    ..\..\..\..\Library\StdDriver\src\timer.c 0x00000000   Number         0  timer.o ABSOLUTE
    ..\..\..\..\Library\StdDriver\src\uart.c 0x00000000   Number         0  uart.o ABSOLUTE
    ..\\..\\..\\..\\Library\\Device\\Nuvoton\\M451Series\\Source\\system_M451Series.c 0x00000000   Number         0  system_m451series.o ABSOLUTE
    ..\\..\\..\\..\\Library\\NuEdu\\src\\NuEdu-Basic01_LED.c 0x00000000   Number         0  nuedu-basic01_led.o ABSOLUTE
    ..\\..\\..\\..\\Library\\StdDriver\\src\\clk.c 0x00000000   Number         0  clk.o ABSOLUTE
    ..\\..\\..\\..\\Library\\StdDriver\\src\\fmc.c 0x00000000   Number         0  fmc.o ABSOLUTE
    ..\\..\\..\\..\\Library\\StdDriver\\src\\gpio.c 0x00000000   Number         0  gpio.o ABSOLUTE
    ..\\..\\..\\..\\Library\\StdDriver\\src\\retarget.c 0x00000000   Number         0  retarget.o ABSOLUTE
    ..\\..\\..\\..\\Library\\StdDriver\\src\\sys.c 0x00000000   Number         0  sys.o ABSOLUTE
    ..\\..\\..\\..\\Library\\StdDriver\\src\\timer.c 0x00000000   Number         0  timer.o ABSOLUTE
    ..\\..\\..\\..\\Library\\StdDriver\\src\\uart.c 0x00000000   Number         0  uart.o ABSOLUTE
    ..\\ap0_main.c                           0x00000000   Number         0  ap0_main.o ABSOLUTE
    ..\ap0_main.c                            0x00000000   Number         0  ap0_main.o ABSOLUTE
    ap0_image.s                              0x00000000   Number         0  ap0_image.o ABSOLUTE
    zmodem\FlashProgrammer.c                 0x00000000   Number         0  flashprogrammer.o ABSOLUTE
    zmodem\ZmodemCrctab.c                    0x00000000   Number         0  zmodemcrctab.o ABSOLUTE
    zmodem\\FlashProgrammer.c                0x00000000   Number         0  flashprogrammer.o ABSOLUTE
    zmodem\\zmodem.c                         0x00000000   Number         0  zmodem.o ABSOLUTE
    zmodem\zmodem.c                          0x00000000   Number         0  zmodem.o ABSOLUTE
    !!!main                                  0x00000140   Section        8  __main.o(!!!main)
    !!!scatter                               0x00000148   Section       52  __scatter.o(!!!scatter)
    !!handler_copy                           0x0000017c   Section       26  __scatter_copy.o(!!handler_copy)
    !!handler_zi                             0x00000198   Section       28  __scatter_zi.o(!!handler_zi)
    .ARM.Collect$$_printf_percent$$00000000  0x000001b4   Section        0  _printf_percent.o(.ARM.Collect$$_printf_percent$$00000000)
    .ARM.Collect$$_printf_percent$$0000000C  0x000001b4   Section        6  _printf_x.o(.ARM.Collect$$_printf_percent$$0000000C)
    .ARM.Collect$$_printf_percent$$00000017  0x000001ba   Section        4  _printf_percent_end.o(.ARM.Collect$$_printf_percent$$00000017)
    .ARM.Collect$$libinit$$00000000          0x000001be   Section        2  libinit.o(.ARM.Collect$$libinit$$00000000)
    .ARM.Collect$$libinit$$00000001          0x000001c0   Section        4  libinit2.o(.ARM.Collect$$libinit$$00000001)
    .ARM.Collect$$libinit$$00000008          0x000001c4   Section        0  libinit2.o(.ARM.Collect$$libinit$$00000008)
    .ARM.Collect$$libinit$$0000000A          0x000001c4   Section        0  libinit2.o(.ARM.Collect$$libinit$$0000000A)
    .ARM.Collect$$libinit$$0000000C          0x000001c4   Section        0  libinit2.o(.ARM.Collect$$libinit$$0000000C)
    .ARM.Collect$$libinit$$0000000F          0x000001c4   Section        0  libinit2.o(.ARM.Collect$$libinit$$0000000F)
    .ARM.Collect$$libinit$$00000011          0x000001c4   Section        0  libinit2.o(.ARM.Collect$$libinit$$00000011)
    .ARM.Collect$$libinit$$00000013          0x000001c4   Section        0  libinit2.o(.ARM.Collect$$libinit$$00000013)
    .ARM.Collect$$libinit$$00000015          0x000001c4   Section        0  libinit2.o(.ARM.Collect$$libinit$$00000015)
    .ARM.Collect$$libinit$$00000017          0x000001c4   Section        0  libinit2.o(.ARM.Collect$$libinit$$00000017)
    .ARM.Collect$$libinit$$00000019          0x000001c4   Section        0  libinit2.o(.ARM.Collect$$libinit$$00000019)
    .ARM.Collect$$libinit$$0000001B          0x000001c4   Section        0  libinit2.o(.ARM.Collect$$libinit$$0000001B)
    .ARM.Collect$$libinit$$0000001D          0x000001c4   Section        0  libinit2.o(.ARM.Collect$$libinit$$0000001D)
    .ARM.Collect$$libinit$$0000001F          0x000001c4   Section        0  libinit2.o(.ARM.Collect$$libinit$$0000001F)
    .ARM.Collect$$libinit$$00000021          0x000001c4   Section        0  libinit2.o(.ARM.Collect$$libinit$$00000021)
    .ARM.Collect$$libinit$$00000023          0x000001c4   Section        0  libinit2.o(.ARM.Collect$$libinit$$00000023)
    .ARM.Collect$$libinit$$0000002A          0x000001c4   Section        0  libinit2.o(.ARM.Collect$$libinit$$0000002A)
    .ARM.Collect$$libinit$$0000002C          0x000001c4   Section        0  libinit2.o(.ARM.Collect$$libinit$$0000002C)
    .ARM.Collect$$libinit$$0000002E          0x000001c4   Section        0  libinit2.o(.ARM.Collect$$libinit$$0000002E)
    .ARM.Collect$$libinit$$00000030          0x000001c4   Section        0  libinit2.o(.ARM.Collect$$libinit$$00000030)
    .ARM.Collect$$libinit$$00000031          0x000001c4   Section        2  libinit2.o(.ARM.Collect$$libinit$$00000031)
    .ARM.Collect$$libshutdown$$00000000      0x000001c6   Section        2  libshutdown.o(.ARM.Collect$$libshutdown$$00000000)
    .ARM.Collect$$libshutdown$$00000003      0x000001c8   Section        0  libshutdown2.o(.ARM.Collect$$libshutdown$$00000003)
    .ARM.Collect$$libshutdown$$00000006      0x000001c8   Section        0  libshutdown2.o(.ARM.Collect$$libshutdown$$00000006)
    .ARM.Collect$$libshutdown$$00000009      0x000001c8   Section        0  libshutdown2.o(.ARM.Collect$$libshutdown$$00000009)
    .ARM.Collect$$libshutdown$$0000000B      0x000001c8   Section        0  libshutdown2.o(.ARM.Collect$$libshutdown$$0000000B)
    .ARM.Collect$$libshutdown$$0000000E      0x000001c8   Section        0  libshutdown2.o(.ARM.Collect$$libshutdown$$0000000E)
    .ARM.Collect$$libshutdown$$0000000F      0x000001c8   Section        2  libshutdown2.o(.ARM.Collect$$libshutdown$$0000000F)
    .ARM.Collect$$rtentry$$00000000          0x000001ca   Section        0  rtentry.o(.ARM.Collect$$rtentry$$00000000)
    .ARM.Collect$$rtentry$$00000002          0x000001ca   Section        0  rtentry2.o(.ARM.Collect$$rtentry$$00000002)
    .ARM.Collect$$rtentry$$00000004          0x000001ca   Section        6  rtentry4.o(.ARM.Collect$$rtentry$$00000004)
    .ARM.Collect$$rtentry$$00000009          0x000001d0   Section        0  rtentry2.o(.ARM.Collect$$rtentry$$00000009)
    .ARM.Collect$$rtentry$$0000000A          0x000001d0   Section        4  rtentry2.o(.ARM.Collect$$rtentry$$0000000A)
    .ARM.Collect$$rtentry$$0000000C          0x000001d4   Section        0  rtentry2.o(.ARM.Collect$$rtentry$$0000000C)
    .ARM.Collect$$rtentry$$0000000D          0x000001d4   Section        8  rtentry2.o(.ARM.Collect$$rtentry$$0000000D)
    .ARM.Collect$$rtexit$$00000000           0x000001dc   Section        2  rtexit.o(.ARM.Collect$$rtexit$$00000000)
    .ARM.Collect$$rtexit$$00000002           0x000001de   Section        0  rtexit2.o(.ARM.Collect$$rtexit$$00000002)
    .ARM.Collect$$rtexit$$00000003           0x000001de   Section        4  rtexit2.o(.ARM.Collect$$rtexit$$00000003)
    .ARM.Collect$$rtexit$$00000004           0x000001e2   Section        6  rtexit2.o(.ARM.Collect$$rtexit$$00000004)
    .emb_text                                0x000001e8   Section       82  retarget.o(.emb_text)
    $v0                                      0x000001e8   Number         0  retarget.o(.emb_text)
    .text                                    0x0000023c   Section      116  startup_m451series.o(.text)
    $v0                                      0x0000023c   Number         0  startup_m451series.o(.text)
    Default_Handler                          0x00000281   Thumb Code     2  startup_m451series.o(.text)
    .text                                    0x000002b0   Section        0  noretval__2printf.o(.text)
    .text                                    0x000002c8   Section        0  _printf_hex_int.o(.text)
    .text                                    0x00000320   Section        0  __printf_wp.o(.text)
    .text                                    0x0000042e   Section      100  rt_memcpy_w.o(.text)
    .text                                    0x00000492   Section       68  rt_memclr.o(.text)
    .text                                    0x000004d6   Section        0  heapauxi.o(.text)
    .text                                    0x000004dc   Section        0  _printf_intcommon.o(.text)
    .text                                    0x00000590   Section        0  _printf_char_file.o(.text)
    .text                                    0x000005b4   Section       78  rt_memclr_w.o(.text)
    .text                                    0x00000604   Section        0  _printf_char_common.o(.text)
    _printf_input_char                       0x00000605   Thumb Code    10  _printf_char_common.o(.text)
    .text                                    0x00000634   Section       74  sys_stackheap_outer.o(.text)
    .text                                    0x0000067e   Section        0  exit.o(.text)
    .text                                    0x0000068c   Section        8  libspace.o(.text)
    i.CLK_DisablePLL                         0x00000694   Section        0  clk.o(i.CLK_DisablePLL)
    i.CLK_EnableModuleClock                  0x000006a6   Section        0  clk.o(i.CLK_EnableModuleClock)
    i.CLK_EnablePLL                          0x000006c4   Section        0  clk.o(i.CLK_EnablePLL)
    i.CLK_EnableXtalRC                       0x0000085c   Section        0  clk.o(i.CLK_EnableXtalRC)
    i.CLK_GetPLLClockFreq                    0x0000086c   Section        0  uart.o(i.CLK_GetPLLClockFreq)
    CLK_GetPLLClockFreq                      0x0000086d   Thumb Code    76  uart.o(i.CLK_GetPLLClockFreq)
    i.CLK_SetCoreClock                       0x000008c4   Section        0  clk.o(i.CLK_SetCoreClock)
    i.CLK_SetHCLK                            0x00000954   Section        0  clk.o(i.CLK_SetHCLK)
    i.CLK_SetModuleClock                     0x000009b8   Section        0  clk.o(i.CLK_SetModuleClock)
    i.CLK_WaitClockReady                     0x00000a08   Section        0  clk.o(i.CLK_WaitClockReady)
    i.FMC_Open                               0x00000a34   Section        0  fmc.o(i.FMC_Open)
    i.FMC_Read                               0x00000a44   Section        0  fmc.o(i.FMC_Read)
    FMC_Read                                 0x00000a45   Thumb Code    24  fmc.o(i.FMC_Read)
    i.FMC_ReadConfig                         0x00000a60   Section        0  fmc.o(i.FMC_ReadConfig)
    i.Hard_Fault_Handler                     0x00000a88   Section        0  retarget.o(i.Hard_Fault_Handler)
    __tagsym$$used                           0x00000a89   Number         0  retarget.o(i.Hard_Fault_Handler)
    i.IsDebugFifoEmpty                       0x00000ab0   Section        0  retarget.o(i.IsDebugFifoEmpty)
    i.OneSramByte                            0x00000ac0   Section        0  zmodem.o(i.OneSramByte)
    i.RZ_AckBibi                             0x00000ad4   Section        0  zmodem.o(i.RZ_AckBibi)
    i.RZ_InitReceiver                        0x00000b14   Section        0  zmodem.o(i.RZ_InitReceiver)
    i.RZ_ReceiveBatch                        0x00000c14   Section        0  zmodem.o(i.RZ_ReceiveBatch)
    i.RZ_ReceiveData                         0x00000c3c   Section        0  zmodem.o(i.RZ_ReceiveData)
    i.RZ_ReceiveFile                         0x00000cdc   Section        0  zmodem.o(i.RZ_ReceiveFile)
    i.RZ_SaveToDisk                          0x00000df0   Section        0  zmodem.o(i.RZ_SaveToDisk)
    i.SYS_Init                               0x00000e04   Section        0  ap0_main.o(i.SYS_Init)
    i.SYS_ResetModule                        0x00000e88   Section        0  sys.o(i.SYS_ResetModule)
    i.SYS_UnlockReg                          0x00000ea0   Section        0  ap0_main.o(i.SYS_UnlockReg)
    SYS_UnlockReg                            0x00000ea1   Thumb Code    32  ap0_main.o(i.SYS_UnlockReg)
    i.SendChar                               0x00000ec0   Section        0  retarget.o(i.SendChar)
    i.SendChar_ToUART                        0x00000f0c   Section        0  retarget.o(i.SendChar_ToUART)
    i.SystemCoreClockUpdate                  0x00000f2c   Section        0  system_m451series.o(i.SystemCoreClockUpdate)
    i.SystemInit                             0x00000fc0   Section        0  system_m451series.o(i.SystemInit)
    i.TIMER_GetModuleClock                   0x00001014   Section        0  timer.o(i.TIMER_GetModuleClock)
    i.TIMER_Open                             0x00001080   Section        0  timer.o(i.TIMER_Open)
    i.TMR0_IRQHandler                        0x000010dc   Section        0  ap0_main.o(i.TMR0_IRQHandler)
    i.Timer0_Init                            0x000010f0   Section        0  ap0_main.o(i.Timer0_Init)
    i.UART0_Init                             0x00001124   Section        0  ap0_main.o(i.UART0_Init)
    i.UART_Open                              0x00001144   Section        0  uart.o(i.UART_Open)
    i.UART_Read                              0x000011c8   Section        0  uart.o(i.UART_Read)
    i.UART_Write                             0x000011f4   Section        0  uart.o(i.UART_Write)
    i.ZS_EndSend                             0x00001220   Section        0  zmodem.o(i.ZS_EndSend)
    i.ZS_GetReceiverInfo                     0x00001264   Section        0  zmodem.o(i.ZS_GetReceiverInfo)
    i.ZS_SendBinaryHeader                    0x000012ec   Section        0  zmodem.o(i.ZS_SendBinaryHeader)
    i.ZS_SendByte                            0x00001354   Section        0  zmodem.o(i.ZS_SendByte)
    i.ZS_SendData                            0x000013a8   Section        0  zmodem.o(i.ZS_SendData)
    i.ZS_SendFile                            0x0000140c   Section        0  zmodem.o(i.ZS_SendFile)
    i.ZS_SendFileData                        0x00001488   Section        0  zmodem.o(i.ZS_SendFileData)
    i.ZS_SendFileName                        0x00001538   Section        0  zmodem.o(i.ZS_SendFileName)
    i.ZS_SyncWithReceiver                    0x000016c0   Section        0  zmodem.o(i.ZS_SyncWithReceiver)
    i.Z_ClearByte                            0x00001720   Section        0  zmodem.o(i.Z_ClearByte)
    i.Z_GetHeader                            0x0000173c   Section        0  zmodem.o(i.Z_GetHeader)
    i.Z_GetZDL                               0x00001800   Section        0  zmodem.o(i.Z_GetZDL)
    i.Z_PutLongIntoHeader                    0x000018a0   Section        0  zmodem.o(i.Z_PutLongIntoHeader)
    i.Z_SendHexHeader                        0x000018b8   Section        0  zmodem.o(i.Z_SendHexHeader)
    i.Z_UpdateCRC                            0x00001990   Section        0  zmodem.o(i.Z_UpdateCRC)
    i._Z_GetBinaryHeader                     0x000019b4   Section        0  zmodem.o(i._Z_GetBinaryHeader)
    i._Z_GetHex                              0x00001a24   Section        0  zmodem.o(i._Z_GetHex)
    i._Z_GetHexHeader                        0x00001a74   Section        0  zmodem.o(i._Z_GetHexHeader)
    i._Z_PullLongFromHeader                  0x00001af8   Section        0  zmodem.o(i._Z_PullLongFromHeader)
    i._Z_TimedRead                           0x00001b10   Section        0  zmodem.o(i._Z_TimedRead)
    i._is_digit                              0x00001b38   Section        0  __printf_wp.o(i._is_digit)
    i._sys_exit                              0x00001b48   Section        0  retarget.o(i._sys_exit)
    i.ferror                                 0x00001b64   Section        0  retarget.o(i.ferror)
    i.fputc                                  0x00001b6a   Section        0  retarget.o(i.fputc)
    i.get_Zmodem                             0x00001b78   Section        0  zmodem.o(i.get_Zmodem)
    i.main                                   0x00001c04   Section        0  ap0_main.o(i.main)
    i.readline                               0x00001cd0   Section        0  flashprogrammer.o(i.readline)
    i.send_Zmodem                            0x00001d24   Section        0  zmodem.o(i.send_Zmodem)
    i.stackDump                              0x00001d64   Section        0  retarget.o(i.stackDump)
    stackDump                                0x00001d65   Thumb Code    72  retarget.o(i.stackDump)
    i.zmputchar                              0x00001e0c   Section        0  flashprogrammer.o(i.zmputchar)
    x$fpl$fpinit                             0x00001e24   Section       10  fpinit.o(x$fpl$fpinit)
    $v0                                      0x00001e24   Number         0  fpinit.o(x$fpl$fpinit)
    .constdata                               0x00001e30   Section       32  timer.o(.constdata)
    .constdata                               0x00001e50   Section       48  uart.o(.constdata)
    .constdata                               0x00001e80   Section       40  _printf_hex_int.o(.constdata)
    uc_hextab                                0x00001e80   Data          20  _printf_hex_int.o(.constdata)
    lc_hextab                                0x00001e94   Data          20  _printf_hex_int.o(.constdata)
    .data                                    0x20000000   Section       44  system_m451series.o(.data)
    .data                                    0x2000002c   Section        1  retarget.o(.data)
    g_buf_len                                0x2000002c   Data           1  retarget.o(.data)
    .data                                    0x20000030   Section        4  retarget.o(.data)
    .data                                    0x20000034   Section       73  zmodem.o(.data)
    lastsent                                 0x20000035   Data           1  zmodem.o(.data)
    hex                                      0x2000006c   Data          17  zmodem.o(.data)
    .bss                                     0x20000080   Section       16  retarget.o(.bss)
    g_buf                                    0x20000080   Data          16  retarget.o(.bss)
    .bss                                     0x20000090   Section     2048  ap0_main.o(.bss)
    .bss                                     0x20000890   Section      129  zmodem.o(.bss)
    .bss                                     0x20000914   Section       96  libspace.o(.bss)
    HEAP                                     0x20000978   Section        0  startup_m451series.o(HEAP)
    STACK                                    0x20000978   Section     1024  startup_m451series.o(STACK)
    Heap_Mem                                 0x20000978   Data           0  startup_m451series.o(HEAP)
    Stack_Mem                                0x20000978   Data        1024  startup_m451series.o(STACK)
    __initial_sp                             0x20000d78   Data           0  startup_m451series.o(STACK)

    Global Symbols

    Symbol Name                              Value     Ov Type        Size  Object(Section)

    BuildAttributes$$THM_ISAv4$E$P$D$K$B$S$7EM$VFPi3$EXTD16$VFPS$VFMA$PE$A:L22UL41UL21$X:L11$S22US41US21$IEEE1$IW$USESV6$~STKCKD$USESV7$~SHL$OSPACE$ROPI$EBA8$UX$STANDARDLIB$REQ8$PRES8$EABIv2 0x00000000   Number         0  anon$$obj.o ABSOLUTE
    __ARM_use_no_argv                        0x00000000   Number         0  ap0_main.o ABSOLUTE
    __Vectors                                0x00000000   Data           4  startup_m451series.o(RESET)
    _printf_flags                            0x00000000   Number         0  printf_stubs.o ABSOLUTE
    _printf_return_value                     0x00000000   Number         0  printf_stubs.o ABSOLUTE
    _printf_sizespec                         0x00000000   Number         0  printf_stubs.o ABSOLUTE
    _printf_widthprec                        0x00000000   Number         0  printf_stubs.o ABSOLUTE
    __ARM_exceptions_init                     - Undefined Weak Reference
    __alloca_initialize                       - Undefined Weak Reference
    __cpp_initialize__aeabi_                  - Undefined Weak Reference
    __cxa_finalize                            - Undefined Weak Reference
    __rt_locale                               - Undefined Weak Reference
    __sigvec_lookup                           - Undefined Weak Reference
    _atexit_init                              - Undefined Weak Reference
    _call_atexit_fns                          - Undefined Weak Reference
    _clock_init                               - Undefined Weak Reference
    _fp_trap_init                             - Undefined Weak Reference
    _fp_trap_shutdown                         - Undefined Weak Reference
    _get_lc_collate                           - Undefined Weak Reference
    _get_lc_ctype                             - Undefined Weak Reference
    _get_lc_monetary                          - Undefined Weak Reference
    _get_lc_numeric                           - Undefined Weak Reference
    _get_lc_time                              - Undefined Weak Reference
    _getenv_init                              - Undefined Weak Reference
    _handle_redirection                       - Undefined Weak Reference
    _init_alloc                               - Undefined Weak Reference
    _init_user_alloc                          - Undefined Weak Reference
    _initio                                   - Undefined Weak Reference
    _printf_post_padding                      - Undefined Weak Reference
    _printf_pre_padding                       - Undefined Weak Reference
    _printf_truncate_signed                   - Undefined Weak Reference
    _printf_truncate_unsigned                 - Undefined Weak Reference
    _rand_init                                - Undefined Weak Reference
    _signal_finish                            - Undefined Weak Reference
    _signal_init                              - Undefined Weak Reference
    _terminate_alloc                          - Undefined Weak Reference
    _terminate_user_alloc                     - Undefined Weak Reference
    _terminateio                              - Undefined Weak Reference
    __Vectors_End                            0x00000140   Data           0  startup_m451series.o(RESET)
    __Vectors_Size                           0x00000140   Number         0  startup_m451series.o ABSOLUTE
    __main                                   0x00000141   Thumb Code     8  __main.o(!!!main)
    __scatterload                            0x00000149   Thumb Code     0  __scatter.o(!!!scatter)
    __scatterload_rt2                        0x00000149   Thumb Code    44  __scatter.o(!!!scatter)
    __scatterload_rt2_thumb_only             0x00000149   Thumb Code     0  __scatter.o(!!!scatter)
    __scatterload_null                       0x00000157   Thumb Code     0  __scatter.o(!!!scatter)
    __scatterload_copy                       0x0000017d   Thumb Code    26  __scatter_copy.o(!!handler_copy)
    __scatterload_zeroinit                   0x00000199   Thumb Code    28  __scatter_zi.o(!!handler_zi)
    _printf_percent                          0x000001b5   Thumb Code     0  _printf_percent.o(.ARM.Collect$$_printf_percent$$00000000)
    _printf_x                                0x000001b5   Thumb Code     0  _printf_x.o(.ARM.Collect$$_printf_percent$$0000000C)
    _printf_percent_end                      0x000001bb   Thumb Code     0  _printf_percent_end.o(.ARM.Collect$$_printf_percent$$00000017)
    __rt_lib_init                            0x000001bf   Thumb Code     0  libinit.o(.ARM.Collect$$libinit$$00000000)
    __rt_lib_init_fp_1                       0x000001c1   Thumb Code     0  libinit2.o(.ARM.Collect$$libinit$$00000001)
    __rt_lib_init_alloca_1                   0x000001c5   Thumb Code     0  libinit2.o(.ARM.Collect$$libinit$$0000002C)
    __rt_lib_init_argv_1                     0x000001c5   Thumb Code     0  libinit2.o(.ARM.Collect$$libinit$$0000002A)
    __rt_lib_init_atexit_1                   0x000001c5   Thumb Code     0  libinit2.o(.ARM.Collect$$libinit$$00000019)
    __rt_lib_init_clock_1                    0x000001c5   Thumb Code     0  libinit2.o(.ARM.Collect$$libinit$$0000001F)
    __rt_lib_init_cpp_1                      0x000001c5   Thumb Code     0  libinit2.o(.ARM.Collect$$libinit$$00000030)
    __rt_lib_init_exceptions_1               0x000001c5   Thumb Code     0  libinit2.o(.ARM.Collect$$libinit$$0000002E)
    __rt_lib_init_fp_trap_1                  0x000001c5   Thumb Code     0  libinit2.o(.ARM.Collect$$libinit$$0000001D)
    __rt_lib_init_getenv_1                   0x000001c5   Thumb Code     0  libinit2.o(.ARM.Collect$$libinit$$00000021)
    __rt_lib_init_heap_1                     0x000001c5   Thumb Code     0  libinit2.o(.ARM.Collect$$libinit$$00000008)
    __rt_lib_init_lc_collate_1               0x000001c5   Thumb Code     0  libinit2.o(.ARM.Collect$$libinit$$0000000F)
    __rt_lib_init_lc_ctype_1                 0x000001c5   Thumb Code     0  libinit2.o(.ARM.Collect$$libinit$$00000011)
    __rt_lib_init_lc_monetary_1              0x000001c5   Thumb Code     0  libinit2.o(.ARM.Collect$$libinit$$00000013)
    __rt_lib_init_lc_numeric_1               0x000001c5   Thumb Code     0  libinit2.o(.ARM.Collect$$libinit$$00000015)
    __rt_lib_init_lc_time_1                  0x000001c5   Thumb Code     0  libinit2.o(.ARM.Collect$$libinit$$00000017)
    __rt_lib_init_rand_1                     0x000001c5   Thumb Code     0  libinit2.o(.ARM.Collect$$libinit$$0000000C)
    __rt_lib_init_return                     0x000001c5   Thumb Code     0  libinit2.o(.ARM.Collect$$libinit$$00000031)
    __rt_lib_init_signal_1                   0x000001c5   Thumb Code     0  libinit2.o(.ARM.Collect$$libinit$$0000001B)
    __rt_lib_init_stdio_1                    0x000001c5   Thumb Code     0  libinit2.o(.ARM.Collect$$libinit$$00000023)
    __rt_lib_init_user_alloc_1               0x000001c5   Thumb Code     0  libinit2.o(.ARM.Collect$$libinit$$0000000A)
    __rt_lib_shutdown                        0x000001c7   Thumb Code     0  libshutdown.o(.ARM.Collect$$libshutdown$$00000000)
    __rt_lib_shutdown_fp_trap_1              0x000001c9   Thumb Code     0  libshutdown2.o(.ARM.Collect$$libshutdown$$00000006)
    __rt_lib_shutdown_heap_1                 0x000001c9   Thumb Code     0  libshutdown2.o(.ARM.Collect$$libshutdown$$0000000E)
    __rt_lib_shutdown_return                 0x000001c9   Thumb Code     0  libshutdown2.o(.ARM.Collect$$libshutdown$$0000000F)
    __rt_lib_shutdown_signal_1               0x000001c9   Thumb Code     0  libshutdown2.o(.ARM.Collect$$libshutdown$$00000009)
    __rt_lib_shutdown_stdio_1                0x000001c9   Thumb Code     0  libshutdown2.o(.ARM.Collect$$libshutdown$$00000003)
    __rt_lib_shutdown_user_alloc_1           0x000001c9   Thumb Code     0  libshutdown2.o(.ARM.Collect$$libshutdown$$0000000B)
    __rt_entry                               0x000001cb   Thumb Code     0  rtentry.o(.ARM.Collect$$rtentry$$00000000)
    __rt_entry_presh_1                       0x000001cb   Thumb Code     0  rtentry2.o(.ARM.Collect$$rtentry$$00000002)
    __rt_entry_sh                            0x000001cb   Thumb Code     0  rtentry4.o(.ARM.Collect$$rtentry$$00000004)
    __rt_entry_li                            0x000001d1   Thumb Code     0  rtentry2.o(.ARM.Collect$$rtentry$$0000000A)
    __rt_entry_postsh_1                      0x000001d1   Thumb Code     0  rtentry2.o(.ARM.Collect$$rtentry$$00000009)
    __rt_entry_main                          0x000001d5   Thumb Code     0  rtentry2.o(.ARM.Collect$$rtentry$$0000000D)
    __rt_entry_postli_1                      0x000001d5   Thumb Code     0  rtentry2.o(.ARM.Collect$$rtentry$$0000000C)
    __rt_exit                                0x000001dd   Thumb Code     0  rtexit.o(.ARM.Collect$$rtexit$$00000000)
    __rt_exit_ls                             0x000001df   Thumb Code     0  rtexit2.o(.ARM.Collect$$rtexit$$00000003)
    __rt_exit_prels_1                        0x000001df   Thumb Code     0  rtexit2.o(.ARM.Collect$$rtexit$$00000002)
    __rt_exit_exit                           0x000001e3   Thumb Code     0  rtexit2.o(.ARM.Collect$$rtexit$$00000004)
    HardFault_Handler                        0x000001e9   Thumb Code    60  retarget.o(.emb_text)
    SH_DoCommand                             0x00000229   Thumb Code    18  retarget.o(.emb_text)
    Reset_Handler                            0x0000023d   Thumb Code    50  startup_m451series.o(.text)
    NMI_Handler                              0x0000026f   Thumb Code     2  startup_m451series.o(.text)
    MemManage_Handler                        0x00000273   Thumb Code     2  startup_m451series.o(.text)
    BusFault_Handler                         0x00000275   Thumb Code     2  startup_m451series.o(.text)
    UsageFault_Handler                       0x00000277   Thumb Code     2  startup_m451series.o(.text)
    SVC_Handler                              0x00000279   Thumb Code     2  startup_m451series.o(.text)
    DebugMon_Handler                         0x0000027b   Thumb Code     2  startup_m451series.o(.text)
    PendSV_Handler                           0x0000027d   Thumb Code     2  startup_m451series.o(.text)
    SysTick_Handler                          0x0000027f   Thumb Code     2  startup_m451series.o(.text)
    ACMP01_IRQHandler                        0x00000281   Thumb Code     0  startup_m451series.o(.text)
    ADC00_IRQHandler                         0x00000281   Thumb Code     0  startup_m451series.o(.text)
    ADC01_IRQHandler                         0x00000281   Thumb Code     0  startup_m451series.o(.text)
    ADC02_IRQHandler                         0x00000281   Thumb Code     0  startup_m451series.o(.text)
    ADC03_IRQHandler                         0x00000281   Thumb Code     0  startup_m451series.o(.text)
    BOD_IRQHandler                           0x00000281   Thumb Code     0  startup_m451series.o(.text)
    BRAKE0_IRQHandler                        0x00000281   Thumb Code     0  startup_m451series.o(.text)
    BRAKE1_IRQHandler                        0x00000281   Thumb Code     0  startup_m451series.o(.text)
    CAN0_IRQHandler                          0x00000281   Thumb Code     0  startup_m451series.o(.text)
    CLKFAIL_IRQHandler                       0x00000281   Thumb Code     0  startup_m451series.o(.text)
    DAC_IRQHandler                           0x00000281   Thumb Code     0  startup_m451series.o(.text)
    EINT0_IRQHandler                         0x00000281   Thumb Code     0  startup_m451series.o(.text)
    EINT1_IRQHandler                         0x00000281   Thumb Code     0  startup_m451series.o(.text)
    EINT2_IRQHandler                         0x00000281   Thumb Code     0  startup_m451series.o(.text)
    EINT3_IRQHandler                         0x00000281   Thumb Code     0  startup_m451series.o(.text)
    EINT4_IRQHandler                         0x00000281   Thumb Code     0  startup_m451series.o(.text)
    EINT5_IRQHandler                         0x00000281   Thumb Code     0  startup_m451series.o(.text)
    GPA_IRQHandler                           0x00000281   Thumb Code     0  startup_m451series.o(.text)
    GPB_IRQHandler                           0x00000281   Thumb Code     0  startup_m451series.o(.text)
    GPC_IRQHandler                           0x00000281   Thumb Code     0  startup_m451series.o(.text)
    GPD_IRQHandler                           0x00000281   Thumb Code     0  startup_m451series.o(.text)
    GPE_IRQHandler                           0x00000281   Thumb Code     0  startup_m451series.o(.text)
    GPF_IRQHandler                           0x00000281   Thumb Code     0  startup_m451series.o(.text)
    I2C0_IRQHandler                          0x00000281   Thumb Code     0  startup_m451series.o(.text)
    I2C1_IRQHandler                          0x00000281   Thumb Code     0  startup_m451series.o(.text)
    IRC_IRQHandler                           0x00000281   Thumb Code     0  startup_m451series.o(.text)
    PDMA_IRQHandler                          0x00000281   Thumb Code     0  startup_m451series.o(.text)
    PWM0P0_IRQHandler                        0x00000281   Thumb Code     0  startup_m451series.o(.text)
    PWM0P1_IRQHandler                        0x00000281   Thumb Code     0  startup_m451series.o(.text)
    PWM0P2_IRQHandler                        0x00000281   Thumb Code     0  startup_m451series.o(.text)
    PWM1P0_IRQHandler                        0x00000281   Thumb Code     0  startup_m451series.o(.text)
    PWM1P1_IRQHandler                        0x00000281   Thumb Code     0  startup_m451series.o(.text)
    PWM1P2_IRQHandler                        0x00000281   Thumb Code     0  startup_m451series.o(.text)
    PWRWU_IRQHandler                         0x00000281   Thumb Code     0  startup_m451series.o(.text)
    RAMPE_IRQHandler                         0x00000281   Thumb Code     0  startup_m451series.o(.text)
    RTC_IRQHandler                           0x00000281   Thumb Code     0  startup_m451series.o(.text)
    SC0_IRQHandler                           0x00000281   Thumb Code     0  startup_m451series.o(.text)
    SPI0_IRQHandler                          0x00000281   Thumb Code     0  startup_m451series.o(.text)
    SPI1_IRQHandler                          0x00000281   Thumb Code     0  startup_m451series.o(.text)
    SPI2_IRQHandler                          0x00000281   Thumb Code     0  startup_m451series.o(.text)
    TAMPER_IRQHandler                        0x00000281   Thumb Code     0  startup_m451series.o(.text)
    TK_IRQHandler                            0x00000281   Thumb Code     0  startup_m451series.o(.text)
    TMR1_IRQHandler                          0x00000281   Thumb Code     0  startup_m451series.o(.text)
    TMR2_IRQHandler                          0x00000281   Thumb Code     0  startup_m451series.o(.text)
    TMR3_IRQHandler                          0x00000281   Thumb Code     0  startup_m451series.o(.text)
    UART0_IRQHandler                         0x00000281   Thumb Code     0  startup_m451series.o(.text)
    UART1_IRQHandler                         0x00000281   Thumb Code     0  startup_m451series.o(.text)
    UART2_IRQHandler                         0x00000281   Thumb Code     0  startup_m451series.o(.text)
    UART3_IRQHandler                         0x00000281   Thumb Code     0  startup_m451series.o(.text)
    USBD_IRQHandler                          0x00000281   Thumb Code     0  startup_m451series.o(.text)
    USBH_IRQHandler                          0x00000281   Thumb Code     0  startup_m451series.o(.text)
    USBOTG_IRQHandler                        0x00000281   Thumb Code     0  startup_m451series.o(.text)
    WDT_IRQHandler                           0x00000281   Thumb Code     0  startup_m451series.o(.text)
    WWDT_IRQHandler                          0x00000281   Thumb Code     0  startup_m451series.o(.text)
    __user_initial_stackheap                 0x00000285   Thumb Code    10  startup_m451series.o(.text)
    __2printf                                0x000002b1   Thumb Code    20  noretval__2printf.o(.text)
    _printf_int_hex                          0x000002c9   Thumb Code    84  _printf_hex_int.o(.text)
    _printf_longlong_hex                     0x000002c9   Thumb Code     0  _printf_hex_int.o(.text)
    __printf                                 0x00000321   Thumb Code   270  __printf_wp.o(.text)
    __aeabi_memcpy4                          0x0000042f   Thumb Code     0  rt_memcpy_w.o(.text)
    __aeabi_memcpy8                          0x0000042f   Thumb Code     0  rt_memcpy_w.o(.text)
    __rt_memcpy_w                            0x0000042f   Thumb Code   100  rt_memcpy_w.o(.text)
    _memcpy_lastbytes_aligned                0x00000477   Thumb Code     0  rt_memcpy_w.o(.text)
    __aeabi_memclr                           0x00000493   Thumb Code     0  rt_memclr.o(.text)
    __rt_memclr                              0x00000493   Thumb Code    68  rt_memclr.o(.text)
    _memset                                  0x00000497   Thumb Code     0  rt_memclr.o(.text)
    __use_two_region_memory                  0x000004d7   Thumb Code     2  heapauxi.o(.text)
    __rt_heap_escrow$2region                 0x000004d9   Thumb Code     2  heapauxi.o(.text)
    __rt_heap_expand$2region                 0x000004db   Thumb Code     2  heapauxi.o(.text)
    _printf_int_common                       0x000004dd   Thumb Code   178  _printf_intcommon.o(.text)
    _printf_char_file                        0x00000591   Thumb Code    32  _printf_char_file.o(.text)
    __aeabi_memclr4                          0x000005b5   Thumb Code     0  rt_memclr_w.o(.text)
    __aeabi_memclr8                          0x000005b5   Thumb Code     0  rt_memclr_w.o(.text)
    __rt_memclr_w                            0x000005b5   Thumb Code    78  rt_memclr_w.o(.text)
    _memset_w                                0x000005b9   Thumb Code     0  rt_memclr_w.o(.text)
    _printf_char_common                      0x0000060f   Thumb Code    32  _printf_char_common.o(.text)
    __user_setup_stackheap                   0x00000635   Thumb Code    74  sys_stackheap_outer.o(.text)
    exit                                     0x0000067f   Thumb Code    12  exit.o(.text)
    __user_libspace                          0x0000068d   Thumb Code     8  libspace.o(.text)
    __user_perproc_libspace                  0x0000068d   Thumb Code     0  libspace.o(.text)
    __user_perthread_libspace                0x0000068d   Thumb Code     0  libspace.o(.text)
    CLK_DisablePLL                           0x00000695   Thumb Code    18  clk.o(i.CLK_DisablePLL)
    CLK_EnableModuleClock                    0x000006a7   Thumb Code    28  clk.o(i.CLK_EnableModuleClock)
    CLK_EnablePLL                            0x000006c5   Thumb Code   346  clk.o(i.CLK_EnablePLL)
    CLK_EnableXtalRC                         0x0000085d   Thumb Code    16  clk.o(i.CLK_EnableXtalRC)
    CLK_SetCoreClock                         0x000008c5   Thumb Code   136  clk.o(i.CLK_SetCoreClock)
    CLK_SetHCLK                              0x00000955   Thumb Code    98  clk.o(i.CLK_SetHCLK)
    CLK_SetModuleClock                       0x000009b9   Thumb Code    74  clk.o(i.CLK_SetModuleClock)
    CLK_WaitClockReady                       0x00000a09   Thumb Code    38  clk.o(i.CLK_WaitClockReady)
    FMC_Open                                 0x00000a35   Thumb Code    12  fmc.o(i.FMC_Open)
    FMC_ReadConfig                           0x00000a61   Thumb Code    40  fmc.o(i.FMC_ReadConfig)
    Hard_Fault_Handler                       0x00000a89   Thumb Code    16  retarget.o(i.Hard_Fault_Handler)
    IsDebugFifoEmpty                         0x00000ab1   Thumb Code    10  retarget.o(i.IsDebugFifoEmpty)
    OneSramByte                              0x00000ac1   Thumb Code     6  zmodem.o(i.OneSramByte)
    RZ_AckBibi                               0x00000ad5   Thumb Code    58  zmodem.o(i.RZ_AckBibi)
    RZ_InitReceiver                          0x00000b15   Thumb Code   246  zmodem.o(i.RZ_InitReceiver)
    RZ_ReceiveBatch                          0x00000c15   Thumb Code    40  zmodem.o(i.RZ_ReceiveBatch)
    RZ_ReceiveData                           0x00000c3d   Thumb Code   156  zmodem.o(i.RZ_ReceiveData)
    RZ_ReceiveFile                           0x00000cdd   Thumb Code   268  zmodem.o(i.RZ_ReceiveFile)
    RZ_SaveToDisk                            0x00000df1   Thumb Code    14  zmodem.o(i.RZ_SaveToDisk)
    SYS_Init                                 0x00000e05   Thumb Code   110  ap0_main.o(i.SYS_Init)
    SYS_ResetModule                          0x00000e89   Thumb Code    24  sys.o(i.SYS_ResetModule)
    SendChar                                 0x00000ec1   Thumb Code    68  retarget.o(i.SendChar)
    SendChar_ToUART                          0x00000f0d   Thumb Code    26  retarget.o(i.SendChar_ToUART)
    SystemCoreClockUpdate                    0x00000f2d   Thumb Code   128  system_m451series.o(i.SystemCoreClockUpdate)
    SystemInit                               0x00000fc1   Thumb Code    80  system_m451series.o(i.SystemInit)
    TIMER_GetModuleClock                     0x00001015   Thumb Code    90  timer.o(i.TIMER_GetModuleClock)
    TIMER_Open                               0x00001081   Thumb Code    78  timer.o(i.TIMER_Open)
    TMR0_IRQHandler                          0x000010dd   Thumb Code    16  ap0_main.o(i.TMR0_IRQHandler)
    Timer0_Init                              0x000010f1   Thumb Code    42  ap0_main.o(i.Timer0_Init)
    UART0_Init                               0x00001125   Thumb Code    22  ap0_main.o(i.UART0_Init)
    UART_Open                                0x00001145   Thumb Code   122  uart.o(i.UART_Open)
    UART_Read                                0x000011c9   Thumb Code    44  uart.o(i.UART_Read)
    UART_Write                               0x000011f5   Thumb Code    44  uart.o(i.UART_Write)
    ZS_EndSend                               0x00001221   Thumb Code    64  zmodem.o(i.ZS_EndSend)
    ZS_GetReceiverInfo                       0x00001265   Thumb Code   130  zmodem.o(i.ZS_GetReceiverInfo)
    ZS_SendBinaryHeader                      0x000012ed   Thumb Code   102  zmodem.o(i.ZS_SendBinaryHeader)
    ZS_SendByte                              0x00001355   Thumb Code    80  zmodem.o(i.ZS_SendByte)
    ZS_SendData                              0x000013a9   Thumb Code   100  zmodem.o(i.ZS_SendData)
    ZS_SendFile                              0x0000140d   Thumb Code   118  zmodem.o(i.ZS_SendFile)
    ZS_SendFileData                          0x00001489   Thumb Code   172  zmodem.o(i.ZS_SendFileData)
    ZS_SendFileName                          0x00001539   Thumb Code   366  zmodem.o(i.ZS_SendFileName)
    ZS_SyncWithReceiver                      0x000016c1   Thumb Code    92  zmodem.o(i.ZS_SyncWithReceiver)
    Z_ClearByte                              0x00001721   Thumb Code    24  zmodem.o(i.Z_ClearByte)
    Z_GetHeader                              0x0000173d   Thumb Code   192  zmodem.o(i.Z_GetHeader)
    Z_GetZDL                                 0x00001801   Thumb Code   154  zmodem.o(i.Z_GetZDL)
    Z_PutLongIntoHeader                      0x000018a1   Thumb Code    18  zmodem.o(i.Z_PutLongIntoHeader)
    Z_SendHexHeader                          0x000018b9   Thumb Code   210  zmodem.o(i.Z_SendHexHeader)
    Z_UpdateCRC                              0x00001991   Thumb Code    36  zmodem.o(i.Z_UpdateCRC)
    _Z_GetBinaryHeader                       0x000019b5   Thumb Code   108  zmodem.o(i._Z_GetBinaryHeader)
    _Z_GetHex                                0x00001a25   Thumb Code    76  zmodem.o(i._Z_GetHex)
    _Z_GetHexHeader                          0x00001a75   Thumb Code   126  zmodem.o(i._Z_GetHexHeader)
    _Z_PullLongFromHeader                    0x00001af9   Thumb Code    22  zmodem.o(i._Z_PullLongFromHeader)
    _Z_TimedRead                             0x00001b11   Thumb Code    36  zmodem.o(i._Z_TimedRead)
    _is_digit                                0x00001b39   Thumb Code    14  __printf_wp.o(i._is_digit)
    _sys_exit                                0x00001b49   Thumb Code    22  retarget.o(i._sys_exit)
    ferror                                   0x00001b65   Thumb Code     6  retarget.o(i.ferror)
    fputc                                    0x00001b6b   Thumb Code    12  retarget.o(i.fputc)
    get_Zmodem                               0x00001b79   Thumb Code    96  zmodem.o(i.get_Zmodem)
    main                                     0x00001c05   Thumb Code    94  ap0_main.o(i.main)
    readline                                 0x00001cd1   Thumb Code    74  flashprogrammer.o(i.readline)
    send_Zmodem                              0x00001d25   Thumb Code    60  zmodem.o(i.send_Zmodem)
    zmputchar                                0x00001e0d   Thumb Code    18  flashprogrammer.o(i.zmputchar)
    _fp_init                                 0x00001e25   Thumb Code    10  fpinit.o(x$fpl$fpinit)
    __fplib_config_fpu_vfp                   0x00001e2d   Thumb Code     0  fpinit.o(x$fpl$fpinit)
    __fplib_config_pureend_doubles           0x00001e2d   Thumb Code     0  fpinit.o(x$fpl$fpinit)
    Region$$Table$$Base                      0x00001ea8   Number         0  anon$$obj.o(Region$$Table)
    Region$$Table$$Limit                     0x00001ec8   Number         0  anon$$obj.o(Region$$Table)
    SystemCoreClock                          0x20000000   Data           4  system_m451series.o(.data)
    CyclesPerUs                              0x20000004   Data           4  system_m451series.o(.data)
    PllClock                                 0x20000008   Data           4  system_m451series.o(.data)
    gau32ClkSrcTbl                           0x2000000c   Data          32  system_m451series.o(.data)
    __stdout                                 0x20000030   Data           4  retarget.o(.data)
    bTimeOut                                 0x20000034   Data           1  zmodem.o(.data)
    Zconv                                    0x20000036   Data           1  zmodem.o(.data)
    Rxbuflen                                 0x20000038   Data           4  zmodem.o(.data)
    modify                                   0x2000003c   Data           4  zmodem.o(.data)
    FileBuf                                  0x20000040   Data           4  zmodem.o(.data)
    Rxtype                                   0x20000044   Data           4  zmodem.o(.data)
    Rxframeind                               0x20000048   Data           4  zmodem.o(.data)
    Tryzhdrtype                              0x2000004c   Data           4  zmodem.o(.data)
    RxCount                                  0x20000050   Data           4  zmodem.o(.data)
    Rxhdr                                    0x20000054   Data           4  zmodem.o(.data)
    Txhdr                                    0x20000058   Data           4  zmodem.o(.data)
    Rxpos                                    0x2000005c   Data           4  zmodem.o(.data)
    rxbytes                                  0x20000060   Data           4  zmodem.o(.data)
    filesize                                 0x20000064   Data           4  zmodem.o(.data)
    Txpos                                    0x20000068   Data           4  zmodem.o(.data)
    RECV                                     0x20000090   Data        2048  ap0_main.o(.bss)
    Attn                                     0x20000890   Data          33  zmodem.o(.bss)
    Recbuf                                   0x200008b1   Data          64  zmodem.o(.bss)
    filename                                 0x200008f1   Data          32  zmodem.o(.bss)
    __libspace_start                         0x20000914   Data          96  libspace.o(.bss)
    __temporary_stack_top$libspace           0x20000974   Data           0  libspace.o(.bss)



==============================================================================

Memory Map of the image

  Image Entry point : 0x0000023d

  Load Region LR_1 (Base: 0x00000000, Size: 0x00001f48, Max: 0xffffffff, ABSOLUTE)

    Execution Region ER_RO (Base: 0x00000000, Size: 0x00001ec8, Max: 0xffffffff, ABSOLUTE)

    Base Addr    Size         Type   Attr      Idx    E Section Name        Object

    0x00000000   0x00000140   Data   RO          130    RESET               startup_m451series.o
    0x00000140   0x00000008   Code   RO         1401  * !!!main             c_w.l(__main.o)
    0x00000148   0x00000034   Code   RO         1562    !!!scatter          c_w.l(__scatter.o)
    0x0000017c   0x0000001a   Code   RO         1564    !!handler_copy      c_w.l(__scatter_copy.o)
    0x00000196   0x00000002   PAD
    0x00000198   0x0000001c   Code   RO         1566    !!handler_zi        c_w.l(__scatter_zi.o)
    0x000001b4   0x00000000   Code   RO         1392    .ARM.Collect$$_printf_percent$$00000000  c_w.l(_printf_percent.o)
    0x000001b4   0x00000006   Code   RO         1390    .ARM.Collect$$_printf_percent$$0000000C  c_w.l(_printf_x.o)
    0x000001ba   0x00000004   Code   RO         1408    .ARM.Collect$$_printf_percent$$00000017  c_w.l(_printf_percent_end.o)
    0x000001be   0x00000002   Code   RO         1439    .ARM.Collect$$libinit$$00000000  c_w.l(libinit.o)
    0x000001c0   0x00000004   Code   RO         1445    .ARM.Collect$$libinit$$00000001  c_w.l(libinit2.o)
    0x000001c4   0x00000000   Code   RO         1449    .ARM.Collect$$libinit$$00000008  c_w.l(libinit2.o)
    0x000001c4   0x00000000   Code   RO         1451    .ARM.Collect$$libinit$$0000000A  c_w.l(libinit2.o)
    0x000001c4   0x00000000   Code   RO         1453    .ARM.Collect$$libinit$$0000000C  c_w.l(libinit2.o)
    0x000001c4   0x00000000   Code   RO         1456    .ARM.Collect$$libinit$$0000000F  c_w.l(libinit2.o)
    0x000001c4   0x00000000   Code   RO         1458    .ARM.Collect$$libinit$$00000011  c_w.l(libinit2.o)
    0x000001c4   0x00000000   Code   RO         1460    .ARM.Collect$$libinit$$00000013  c_w.l(libinit2.o)
    0x000001c4   0x00000000   Code   RO         1462    .ARM.Collect$$libinit$$00000015  c_w.l(libinit2.o)
    0x000001c4   0x00000000   Code   RO         1464    .ARM.Collect$$libinit$$00000017  c_w.l(libinit2.o)
    0x000001c4   0x00000000   Code   RO         1466    .ARM.Collect$$libinit$$00000019  c_w.l(libinit2.o)
    0x000001c4   0x00000000   Code   RO         1468    .ARM.Collect$$libinit$$0000001B  c_w.l(libinit2.o)
    0x000001c4   0x00000000   Code   RO         1470    .ARM.Collect$$libinit$$0000001D  c_w.l(libinit2.o)
    0x000001c4   0x00000000   Code   RO         1472    .ARM.Collect$$libinit$$0000001F  c_w.l(libinit2.o)
    0x000001c4   0x00000000   Code   RO         1474    .ARM.Collect$$libinit$$00000021  c_w.l(libinit2.o)
    0x000001c4   0x00000000   Code   RO         1476    .ARM.Collect$$libinit$$00000023  c_w.l(libinit2.o)
    0x000001c4   0x00000000   Code   RO         1480    .ARM.Collect$$libinit$$0000002A  c_w.l(libinit2.o)
    0x000001c4   0x00000000   Code   RO         1482    .ARM.Collect$$libinit$$0000002C  c_w.l(libinit2.o)
    0x000001c4   0x00000000   Code   RO         1484    .ARM.Collect$$libinit$$0000002E  c_w.l(libinit2.o)
    0x000001c4   0x00000000   Code   RO         1486    .ARM.Collect$$libinit$$00000030  c_w.l(libinit2.o)
    0x000001c4   0x00000002   Code   RO         1487    .ARM.Collect$$libinit$$00000031  c_w.l(libinit2.o)
    0x000001c6   0x00000002   Code   RO         1505    .ARM.Collect$$libshutdown$$00000000  c_w.l(libshutdown.o)
    0x000001c8   0x00000000   Code   RO         1516    .ARM.Collect$$libshutdown$$00000003  c_w.l(libshutdown2.o)
    0x000001c8   0x00000000   Code   RO         1519    .ARM.Collect$$libshutdown$$00000006  c_w.l(libshutdown2.o)
    0x000001c8   0x00000000   Code   RO         1522    .ARM.Collect$$libshutdown$$00000009  c_w.l(libshutdown2.o)
    0x000001c8   0x00000000   Code   RO         1524    .ARM.Collect$$libshutdown$$0000000B  c_w.l(libshutdown2.o)
    0x000001c8   0x00000000   Code   RO         1527    .ARM.Collect$$libshutdown$$0000000E  c_w.l(libshutdown2.o)
    0x000001c8   0x00000002   Code   RO         1528    .ARM.Collect$$libshutdown$$0000000F  c_w.l(libshutdown2.o)
    0x000001ca   0x00000000   Code   RO         1403    .ARM.Collect$$rtentry$$00000000  c_w.l(rtentry.o)
    0x000001ca   0x00000000   Code   RO         1412    .ARM.Collect$$rtentry$$00000002  c_w.l(rtentry2.o)
    0x000001ca   0x00000006   Code   RO         1424    .ARM.Collect$$rtentry$$00000004  c_w.l(rtentry4.o)
    0x000001d0   0x00000000   Code   RO         1414    .ARM.Collect$$rtentry$$00000009  c_w.l(rtentry2.o)
    0x000001d0   0x00000004   Code   RO         1415    .ARM.Collect$$rtentry$$0000000A  c_w.l(rtentry2.o)
    0x000001d4   0x00000000   Code   RO         1417    .ARM.Collect$$rtentry$$0000000C  c_w.l(rtentry2.o)
    0x000001d4   0x00000008   Code   RO         1418    .ARM.Collect$$rtentry$$0000000D  c_w.l(rtentry2.o)
    0x000001dc   0x00000002   Code   RO         1443    .ARM.Collect$$rtexit$$00000000  c_w.l(rtexit.o)
    0x000001de   0x00000000   Code   RO         1489    .ARM.Collect$$rtexit$$00000002  c_w.l(rtexit2.o)
    0x000001de   0x00000004   Code   RO         1490    .ARM.Collect$$rtexit$$00000003  c_w.l(rtexit2.o)
    0x000001e2   0x00000006   Code   RO         1491    .ARM.Collect$$rtexit$$00000004  c_w.l(rtexit2.o)
    0x000001e8   0x00000052   Code   RO          137    .emb_text           retarget.o
    0x0000023a   0x00000002   PAD
    0x0000023c   0x00000074   Code   RO          131  * .text               startup_m451series.o
    0x000002b0   0x00000018   Code   RO         1343    .text               c_w.l(noretval__2printf.o)
    0x000002c8   0x00000058   Code   RO         1352    .text               c_w.l(_printf_hex_int.o)
    0x00000320   0x0000010e   Code   RO         1378    .text               c_w.l(__printf_wp.o)
    0x0000042e   0x00000064   Code   RO         1395    .text               c_w.l(rt_memcpy_w.o)
    0x00000492   0x00000044   Code   RO         1397    .text               c_w.l(rt_memclr.o)
    0x000004d6   0x00000006   Code   RO         1399    .text               c_w.l(heapauxi.o)
    0x000004dc   0x000000b2   Code   RO         1404    .text               c_w.l(_printf_intcommon.o)
    0x0000058e   0x00000002   PAD
    0x00000590   0x00000024   Code   RO         1406    .text               c_w.l(_printf_char_file.o)
    0x000005b4   0x0000004e   Code   RO         1409    .text               c_w.l(rt_memclr_w.o)
    0x00000602   0x00000002   PAD
    0x00000604   0x00000030   Code   RO         1426    .text               c_w.l(_printf_char_common.o)
    0x00000634   0x0000004a   Code   RO         1428    .text               c_w.l(sys_stackheap_outer.o)
    0x0000067e   0x0000000c   Code   RO         1432    .text               c_w.l(exit.o)
    0x0000068a   0x00000002   PAD
    0x0000068c   0x00000008   Code   RO         1440    .text               c_w.l(libspace.o)
    0x00000694   0x00000012   Code   RO          385    i.CLK_DisablePLL    clk.o
    0x000006a6   0x0000001c   Code   RO          389    i.CLK_EnableModuleClock  clk.o
    0x000006c2   0x00000002   PAD
    0x000006c4   0x00000198   Code   RO          390    i.CLK_EnablePLL     clk.o
    0x0000085c   0x00000010   Code   RO          392    i.CLK_EnableXtalRC  clk.o
    0x0000086c   0x00000058   Code   RO          701    i.CLK_GetPLLClockFreq  uart.o
    0x000008c4   0x00000090   Code   RO          401    i.CLK_SetCoreClock  clk.o
    0x00000954   0x00000062   Code   RO          402    i.CLK_SetHCLK       clk.o
    0x000009b6   0x00000002   PAD
    0x000009b8   0x00000050   Code   RO          403    i.CLK_SetModuleClock  clk.o
    0x00000a08   0x0000002c   Code   RO          405    i.CLK_WaitClockReady  clk.o
    0x00000a34   0x00000010   Code   RO          277    i.FMC_Open          fmc.o
    0x00000a44   0x0000001c   Code   RO          278    i.FMC_Read          fmc.o
    0x00000a60   0x00000028   Code   RO          279    i.FMC_ReadConfig    fmc.o
    0x00000a88   0x00000028   Code   RO          139    i.Hard_Fault_Handler  retarget.o
    0x00000ab0   0x00000010   Code   RO          140    i.IsDebugFifoEmpty  retarget.o
    0x00000ac0   0x00000014   Code   RO         1080    i.OneSramByte       zmodem.o
    0x00000ad4   0x00000040   Code   RO         1081    i.RZ_AckBibi        zmodem.o
    0x00000b14   0x00000100   Code   RO         1083    i.RZ_InitReceiver   zmodem.o
    0x00000c14   0x00000028   Code   RO         1084    i.RZ_ReceiveBatch   zmodem.o
    0x00000c3c   0x000000a0   Code   RO         1085    i.RZ_ReceiveData    zmodem.o
    0x00000cdc   0x00000114   Code   RO         1086    i.RZ_ReceiveFile    zmodem.o
    0x00000df0   0x00000014   Code   RO         1087    i.RZ_SaveToDisk     zmodem.o
    0x00000e04   0x00000084   Code   RO          824    i.SYS_Init          ap0_main.o
    0x00000e88   0x00000018   Code   RO          541    i.SYS_ResetModule   sys.o
    0x00000ea0   0x00000020   Code   RO          825    i.SYS_UnlockReg     ap0_main.o
    0x00000ec0   0x0000004c   Code   RO          141    i.SendChar          retarget.o
    0x00000f0c   0x00000020   Code   RO          142    i.SendChar_ToUART   retarget.o
    0x00000f2c   0x00000094   Code   RO            3    i.SystemCoreClockUpdate  system_m451series.o
    0x00000fc0   0x00000054   Code   RO            4    i.SystemInit        system_m451series.o
    0x00001014   0x0000006c   Code   RO          644    i.TIMER_GetModuleClock  timer.o
    0x00001080   0x0000005c   Code   RO          645    i.TIMER_Open        timer.o
    0x000010dc   0x00000014   Code   RO          826    i.TMR0_IRQHandler   ap0_main.o
    0x000010f0   0x00000034   Code   RO          827    i.Timer0_Init       ap0_main.o
    0x00001124   0x00000020   Code   RO          828    i.UART0_Init        ap0_main.o
    0x00001144   0x00000084   Code   RO          710    i.UART_Open         uart.o
    0x000011c8   0x0000002c   Code   RO          711    i.UART_Read         uart.o
    0x000011f4   0x0000002c   Code   RO          717    i.UART_Write        uart.o
    0x00001220   0x00000044   Code   RO         1088    i.ZS_EndSend        zmodem.o
    0x00001264   0x00000088   Code   RO         1089    i.ZS_GetReceiverInfo  zmodem.o
    0x000012ec   0x00000066   Code   RO         1090    i.ZS_SendBinaryHeader  zmodem.o
    0x00001352   0x00000002   PAD
    0x00001354   0x00000054   Code   RO         1091    i.ZS_SendByte       zmodem.o
    0x000013a8   0x00000064   Code   RO         1092    i.ZS_SendData       zmodem.o
    0x0000140c   0x0000007c   Code   RO         1093    i.ZS_SendFile       zmodem.o
    0x00001488   0x000000b0   Code   RO         1094    i.ZS_SendFileData   zmodem.o
    0x00001538   0x00000188   Code   RO         1095    i.ZS_SendFileName   zmodem.o
    0x000016c0   0x00000060   Code   RO         1096    i.ZS_SyncWithReceiver  zmodem.o
    0x00001720   0x0000001c   Code   RO         1097    i.Z_ClearByte       zmodem.o
    0x0000173c   0x000000c4   Code   RO         1098    i.Z_GetHeader       zmodem.o
    0x00001800   0x000000a0   Code   RO         1099    i.Z_GetZDL          zmodem.o
    0x000018a0   0x00000018   Code   RO         1100    i.Z_PutLongIntoHeader  zmodem.o
    0x000018b8   0x000000d8   Code   RO         1101    i.Z_SendHexHeader   zmodem.o
    0x00001990   0x00000024   Code   RO         1103    i.Z_UpdateCRC       zmodem.o
    0x000019b4   0x00000070   Code   RO         1104    i._Z_GetBinaryHeader  zmodem.o
    0x00001a24   0x00000050   Code   RO         1105    i._Z_GetHex         zmodem.o
    0x00001a74   0x00000084   Code   RO         1106    i._Z_GetHexHeader   zmodem.o
    0x00001af8   0x00000016   Code   RO         1107    i._Z_PullLongFromHeader  zmodem.o
    0x00001b0e   0x00000002   PAD
    0x00001b10   0x00000028   Code   RO         1108    i._Z_TimedRead      zmodem.o
    0x00001b38   0x0000000e   Code   RO         1380    i._is_digit         c_w.l(__printf_wp.o)
    0x00001b46   0x00000002   PAD
    0x00001b48   0x0000001c   Code   RO          143    i._sys_exit         retarget.o
    0x00001b64   0x00000006   Code   RO          145    i.ferror            retarget.o
    0x00001b6a   0x0000000c   Code   RO          147    i.fputc             retarget.o
    0x00001b76   0x00000002   PAD
    0x00001b78   0x0000008c   Code   RO         1109    i.get_Zmodem        zmodem.o
    0x00001c04   0x000000cc   Code   RO          830    i.main              ap0_main.o
    0x00001cd0   0x00000054   Code   RO         1018    i.readline          flashprogrammer.o
    0x00001d24   0x00000040   Code   RO         1110    i.send_Zmodem       zmodem.o
    0x00001d64   0x000000a8   Code   RO          149    i.stackDump         retarget.o
    0x00001e0c   0x00000018   Code   RO         1019    i.zmputchar         flashprogrammer.o
    0x00001e24   0x0000000a   Code   RO         1497    x$fpl$fpinit        fz_wm.l(fpinit.o)
    0x00001e2e   0x00000002   PAD
    0x00001e30   0x00000020   Data   RO          646    .constdata          timer.o
    0x00001e50   0x00000030   Data   RO          718    .constdata          uart.o
    0x00001e80   0x00000028   Data   RO         1353    .constdata          c_w.l(_printf_hex_int.o)
    0x00001ea8   0x00000020   Data   RO         1560    Region$$Table       anon$$obj.o


    Execution Region ER_RW (Base: 0x20000000, Size: 0x00000080, Max: 0xffffffff, ABSOLUTE)

    Base Addr    Size         Type   Attr      Idx    E Section Name        Object

    0x20000000   0x0000002c   Data   RW            5    .data               system_m451series.o
    0x2000002c   0x00000001   Data   RW          151    .data               retarget.o
    0x2000002d   0x00000003   PAD
    0x20000030   0x00000004   Data   RW          152    .data               retarget.o
    0x20000034   0x00000049   Data   RW         1112    .data               zmodem.o


    Execution Region ER_ZI (Base: 0x20000080, Size: 0x00000cf8, Max: 0xffffffff, ABSOLUTE)

    Base Addr    Size         Type   Attr      Idx    E Section Name        Object

    0x20000080   0x00000010   Zero   RW          150    .bss                retarget.o
    0x20000090   0x00000800   Zero   RW          832    .bss                ap0_main.o
    0x20000890   0x00000081   Zero   RW         1111    .bss                zmodem.o
    0x20000911   0x00000003   PAD
    0x20000914   0x00000060   Zero   RW         1441    .bss                c_w.l(libspace.o)
    0x20000974   0x00000004   PAD
    0x20000978   0x00000000   Zero   RW          129    HEAP                startup_m451series.o
    0x20000978   0x00000400   Zero   RW          128    STACK               startup_m451series.o


==============================================================================

Image component sizes


      Code (inc. data)   RO Data    RW Data    ZI Data      Debug   Object Name

       472        156          0          0       2048     266553   ap0_main.o
       836         82          0          0          0       6242   clk.o
       108         16          0          0          0      15711   flashprogrammer.o
        84          8          0          0          0       4680   fmc.o
       460        150          0          5         16     209090   retarget.o
       116         36        320          0       1024       1048   startup_m451series.o
        24          0          0          0          0        566   sys.o
       232         24          0         44          0     253323   system_m451series.o
       200         32         32          0          0       1960   timer.o
       308         22         48          0          0       3513   uart.o
      3364        202          0         73        129      21554   zmodem.o

    ----------------------------------------------------------------------
      6216        728        432        128       3220     784240   Object Totals
         0          0         32          0          0          0   (incl. Generated)
        12          0          0          6          3          0   (incl. Padding)

    ----------------------------------------------------------------------

      Code (inc. data)   RO Data    RW Data    ZI Data      Debug   Library Member Name

         8          0          0          0          0         68   __main.o
       284          0          0          0          0        156   __printf_wp.o
        52          8          0          0          0          0   __scatter.o
        26          0          0          0          0          0   __scatter_copy.o
        28          0          0          0          0          0   __scatter_zi.o
        48          6          0          0          0         96   _printf_char_common.o
        36          4          0          0          0         80   _printf_char_file.o
        88          4         40          0          0         88   _printf_hex_int.o
       178          0          0          0          0         88   _printf_intcommon.o
         0          0          0          0          0          0   _printf_percent.o
         4          0          0          0          0          0   _printf_percent_end.o
         6          0          0          0          0          0   _printf_x.o
        12          0          0          0          0         72   exit.o
         6          0          0          0          0        152   heapauxi.o
         2          0          0          0          0          0   libinit.o
         6          0          0          0          0          0   libinit2.o
         2          0          0          0          0          0   libshutdown.o
         2          0          0          0          0          0   libshutdown2.o
         8          4          0          0         96         68   libspace.o
        24          4          0          0          0         84   noretval__2printf.o
        68          0          0          0          0         68   rt_memclr.o
        78          0          0          0          0         80   rt_memclr_w.o
       100          0          0          0          0         80   rt_memcpy_w.o
         0          0          0          0          0          0   rtentry.o
        12          0          0          0          0          0   rtentry2.o
         6          0          0          0          0          0   rtentry4.o
         2          0          0          0          0          0   rtexit.o
        10          0          0          0          0          0   rtexit2.o
        74          0          0          0          0         80   sys_stackheap_outer.o
        10          0          0          0          0        116   fpinit.o

    ----------------------------------------------------------------------
      1192         30         40          0        100       1376   Library Totals
        12          0          0          0          4          0   (incl. Padding)

    ----------------------------------------------------------------------

      Code (inc. data)   RO Data    RW Data    ZI Data      Debug   Library Name

      1170         30         40          0         96       1260   c_w.l
        10          0          0          0          0        116   fz_wm.l

    ----------------------------------------------------------------------
      1192         30         40          0        100       1376   Library Totals

    ----------------------------------------------------------------------

==============================================================================


      Code (inc. data)   RO Data    RW Data    ZI Data      Debug   

      7408        758        472        128       3320     779044   Grand Totals
      7408        758        472        128       3320     779044   ELF Image Totals
      7408        758        472        128          0          0   ROM Totals

==============================================================================

    Total RO  Size (Code + RO Data)                 7880 (   7.70kB)
    Total RW  Size (RW Data + ZI Data)              3448 (   3.37kB)
    Total ROM Size (Code + RO Data + RW Data)       8008 (   7.82kB)

==============================================================================

